I'm sorry, but errors were detected in your script. Please correct the
errors listed below, and try again.


File "game/script.rpy", line 27: expected statement.
    <<<<<<< HEAD
                ^

File "game/script.rpy", line 29: expected statement.
    =======
          ^

File "game/script.rpy", line 31: expected statement.
    >>>>>>> 79f23f2af9997175f77dee1593004ed21a5284f7
                                                    ^

Ren'Py Version: Ren'Py 7.4.0.1167
Wed Jan 20 14:02:30 2021
